<html>
<body>
<pre>
<h1>µVision Build Log</h1>
<h2>Tool Versions:</h2>
IDE-Version: ¦ÌVision V5.27.0.0
Copyright (C) 2018 ARM Ltd and ARM Germany GmbH. All rights reserved.
License Information: Y R, R, LIC=EXJT4-FQAM4-TGR7T-RKBVW-F48UJ-D6S6W
 
Tool Versions:
Toolchain:       MDK-ARM Plus  Version: 5.27.0.0
Toolchain Path:  G:\Keil_v5\ARM\ARMCLANG\Bin
C Compiler:      ArmClang.exe V6.11
Assembler:       Armasm.exe V6.11
Linker/Locator:  ArmLink.exe V6.11
Library Manager: ArmAr.exe V6.11
Hex Converter:   FromElf.exe V6.11
CPU DLL:         SARMCM3.DLL V5.27.0.0
Dialog DLL:      DCM.DLL V1.17.2.0
Target DLL:      STLink\ST-LINKIII-KEIL_SWO.dll V3.0.5.0
Dialog DLL:      TCM.DLL V1.36.1.0
 
<h2>Project:</h2>
D:\STMicroelectronics\stm32\H750\2019d\2019d_7_15_11.37\MDK-ARM\dac_single_adc.uvprojx
Project File Date:  07/18/2024

<h2>Output:</h2>
*** Using Compiler 'V6.11', folder: 'G:\Keil_v5\ARM\ARMCLANG\Bin'
Build target 'dac_single_adc'
compiling fun.c...
linking...
Program Size: Code=32256 RO-data=1168 RW-data=180664 ZI-data=31136  
FromELF: creating hex file...
"dac_single_adc\dac_single_adc.axf" - 0 Error(s), 0 Warning(s).

<h2>Software Packages used:</h2>

Package Vendor: ARM
                http://www.keil.com/pack/ARM.CMSIS.5.4.0.pack
                ARM.CMSIS.5.4.0
                CMSIS (Cortex Microcontroller Software Interface Standard)
   * Component: CORE Version: 5.1.2

Package Vendor: Keil
                https://www.keil.com/pack/Keil.STM32H7xx_DFP.3.1.1.pack
                Keil.STM32H7xx_DFP.3.1.1
                STMicroelectronics STM32H7 Series Device Support and Examples

<h2>Collection of Component include folders:</h2>
  .\RTE\_dac_single_adc
  G:\Keil_v5\ARM\PACK\ARM\CMSIS\5.4.0\CMSIS\Core\Include
  G:\Keil_v5\ARM\PACK\Keil\STM32H7xx_DFP\3.1.1\Drivers\CMSIS\Device\ST\STM32H7xx\Include

<h2>Collection of Component Files used:</h2>

   * Component: ARM::CMSIS:CORE:5.1.2
Build Time Elapsed:  00:00:00
</pre>
</body>
</html>
